// Jest Snapshot v1, https://goo.gl/fbAQLP

exports[`Breadcrumb component [snapshot] - should be able to render  1`] = `
<div>
  <div
    class="sc-AxjAm dJLMUN"
  >
    <ul
      class="sc-AxirZ aGDiX"
    />
  </div>
</div>
`;
