// Jest Snapshot v1, https://goo.gl/fbAQLP

exports[`Button component [snapshot] - should be able to render  1`] = `
<div>
  <button
    class="sc-AxjAm hsMGRn"
  />
</div>
`;
